// Jest Snapshot v1, https://goo.gl/fbAQLP

exports[`\`requireLogin()\` does not redirect if logged in 1`] = `<inject-RequireLogin-with-api />`;

exports[`\`requireLogin()\` redirects to the \`login()\` route if not logged in 1`] = `<inject-RequireLogin-with-api />`;
